// Jest Snapshot v1, https://goo.gl/fbAQLP

exports[`Article component renders Article 1`] = `
<DocumentFragment>
  <div>
    <p>
      hello
    </p>
  </div>
</DocumentFragment>
`;
